[ROBOTS] OK: https://www.jleague.jp/club/
[ROBOTS] OK: https://www.jleague.jp/club/oita/player/
[OK] 1/9 oita rows=33
[ROBOTS] OK: https://www.jleague.jp/club/mito/player/
[OK] 2/9 mito rows=36
[ROBOTS] OK: https://www.jleague.jp/club/hiroshima/player/
[OK] 3/9 hiroshima rows=30
[ROBOTS] OK: https://www.jleague.jp/club/fujieda/player/
[OK] 4/9 fujieda rows=33
[ROBOTS] OK: https://www.jleague.jp/club/tochigic/player/
[OK] 5/9 tochigic rows=30
[ROBOTS] OK: https://www.jleague.jp/club/ftokyo/player/
[OK] 6/9 ftokyo rows=47
[ROBOTS] OK: https://www.jleague.jp/club/yokohamafm/player/
[OK] 7/9 yokohamafm rows=36
[ROBOTS] OK: https://www.jleague.jp/club/okayama/player/
[OK] 8/9 okayama rows=51
[ROBOTS] OK: https://www.jleague.jp/club/chiba/player/
[OK] 9/9 chiba rows=38
[OK] csv: /tmp/absence_players_refresh.csv
[OK] summary: /tmp/absence_players_refresh.json
