[PATH] stats snapshot(asof=20260912)を採用: /Users/dev_tomo/Desktop/tt_prj_restart/data/stats_snapshots/team_master_stats_j2_2026_asof_20260912.csv
[PATH] 採用: /Users/dev_tomo/Desktop/tt_prj_restart/data/manual/team_management_master.csv (rows=20)
[PATH] absence snapshot(asof=20260912)を採用: /Users/dev_tomo/Desktop/tt_prj_restart/data/absence_snapshots/absences_with_impact_asof_20260912.csv
[PATH] 採用: /Users/dev_tomo/Desktop/tt_prj_restart/data/j2_2026_motivation.csv (rows=20)
[PATH] weather snapshot(asof=20260912)を採用: /Users/dev_tomo/Desktop/tt_prj_restart/data/weather_snapshots/weather_features_j2_2026_asof_20260912.csv
[CONFIG][WARN] DRAW_TWEAK_MODE=off のため BACKTEST_DECISION_RULE='both' は使用せず argmax固定で評価します
[MULTINOM_SIGN_DETECT] disabled_for_constrained_model sign=1 swap_ha=0
[MODEL_CONFIG] league=j2 class_weight=balanced alpha=unknown baseline_eps=unknown
[CONFIG] HDA_MODEL_MODE=multinom HDA_FEATURE_PROFILE=default HDA_MODEL_EFFECTIVE=multinom HDA_MODEL_PATH=/Users/dev_tomo/Desktop/tt_prj_restart/data/models/hda_multinom_calibrated_j2.joblib ENABLE_HFA=1 HFA_ELO=12.00 HFA_BASE_APPLIED=12.00 ENABLE_MATCHUP_BIAS=0 MATCHUP_BIAS_COEF=60.000 OUT=/Users/dev_tomo/Desktop/tt_prj_restart/j2_2026_predictions_hfa_on.csv FORCE=0 STRICT_MODE=1 ELO_DIFF_SCALE=1.150 ELO_D_VALUE=550.0 HFA_PROB_WEIGHT=0.350 MULTINOM_ELO_DIFF_SIGN=1 MULTINOM_SWAP_HA_OUTPUT=0 DRAW_DECAY_SCALE=320.0 DRAW_BLEND_WEIGHT=0.600 ELO_DRAW_MIN=0.100 ELO_DRAW_MAX=0.380 ELO_DRAW_BASE=0.330 ELO_DRAW_BUMP=0.000 ELO_DRAW_DIFF_SCALE=1.000 ENFORCE_ELO_SIGN_MONOTONIC=1 DRAW_TWEAK_MODE=off DRAW_TWEAK_ENABLED=0 DRAW_ASSIGN_BY_EXPECTATION_RAW=1 DRAW_ASSIGN_BY_EXPECTATION=0 DRAW_EXPECTATION_MULTIPLIER_RAW=1.000 DRAW_EXPECTATION_MULTIPLIER=1.000 DRAW_MARGIN=0.030 CLOSE_HA_GAP=0.060 CLOSE_HA_MIN_LEVEL=0.330 CLOSE_HA_GAP_WEIGHT=0.200 CLOSE_HA_DRAW_SCORE_MIN=-0.030 CLOSE_HA_DRAW_SCORE_MIN_GRID=-0.03,-0.02,-0.01,0.00,0.01 CLOSE_D_TOP_GAP=0.060 CLOSE_D_TOP_GAP_GRID=0.02,0.03,0.04,0.05,0.06,0.07,0.08 ABSENCE_ELO_COEF=0.1000 ABSENCE_ELO_ADJUST_CLIP=0.0300 DRAW_ASSIGN_GROUP_MODE=toto_contest BACKTEST_DECISION_RULE=both BACKTEST_COMPARE_DATASET=current BACKTEST_COMPARE_CSV=- BACKTEST_MARGIN_SCAN=0 DRAW_MARGIN_GRID=+0.05,+0.04,+0.03,+0.02,+0.01,0.00,-0.01,-0.02,-0.03
[HFA_APPLY_PATH] active_path=compute_probabilities_and_result:elo_diff_for_prob (single source of HFA addition)
前年データを読み込みました: /Users/dev_tomo/Desktop/tt_prj_restart/data/j2_2025_latest_results.csv
[SEASON_MERGE] source=/Users/dev_tomo/Desktop/tt_prj_restart/data/j2_2026_latest_results.csv added_rows=50 total_rows=330->380
[SCORE_ENRICH] source=/Users/dev_tomo/Desktop/tt_prj_restart/data/j2_2026_latest_results.csv filled_by_match_id=0 filled_by_key=0 scored_rows=50->50
[MERGE_QC] チーム名差分: matches_only=0 CSV保存 -> /Users/dev_tomo/Desktop/tt_prj_restart/data/reports/merge_qc/j2_2026/team_name_diff_matches_vs_stats.csv
[MERGE_QC] 正規化後チーム名差分: matches_only=0 CSV保存 -> /Users/dev_tomo/Desktop/tt_prj_restart/data/reports/merge_qc/j2_2026/team_name_diff_matches_vs_stats_after_canonical.csv
[MERGE_QC] fatigue_future left_before: rows=330 unique_keys=330 duplicate_keys=0 keys=['datetime', 'home_team', 'away_team']
[MERGE_QC] fatigue_future right: rows=380 unique_keys=380 duplicate_keys=0 keys=['datetime', 'home_team', 'away_team']
[MERGE_QC] fatigue_future result: rows_before=330 rows_after=330 delta=0 validate=one_to_one indicator={'both': 330, 'left_only': 0, 'right_only': 0}
[MERGE_QC] fatigue_future: left_only=0
[MERGE_QC] fatigue_finished left_before: rows=50 unique_keys=50 duplicate_keys=0 keys=['datetime', 'home_team', 'away_team']
[MERGE_QC] fatigue_finished right: rows=380 unique_keys=380 duplicate_keys=0 keys=['datetime', 'home_team', 'away_team']
[MERGE_QC] fatigue_finished result: rows_before=50 rows_after=50 delta=0 validate=one_to_one indicator={'both': 50, 'left_only': 0, 'right_only': 0}
[MERGE_QC] fatigue_finished: left_only=0
[MISSING_QC] after_fatigue_future: 対象カラムなし
[MISSING_QC] after_fatigue_finished: 対象カラムなし
[ACL] loaded=6 path=/Users/dev_tomo/Desktop/tt_prj_restart/data/manual/acl_schedule.csv effective_days=5
[MISSING_QC] after_acl_future: 対象カラムなし
[MISSING_QC] after_acl_finished: 対象カラムなし
[WEATHER] union_sources=48 union_rows=346 primary=weather_features_j2_2026_asof_20260912.csv
[MERGE_QC] weather_cache_future left_before: rows=330 unique_keys=330 duplicate_keys=0 keys=['match_id']
[MERGE_QC] weather_cache_future right: rows=346 unique_keys=346 duplicate_keys=0 keys=['match_id']
[MERGE_QC] weather_cache_future indicator={'left_only': 311, 'both': 19, 'right_only': 0}
[MERGE_QC][WARN] weather_cache_future: left_only=311 -> /Users/dev_tomo/Desktop/tt_prj_restart/data/reports/merge_qc/j2_2026/weather_cache_future_left_only.csv
                match_id home_team away_team
 j2_2026_09201700_栃木C_仙台       栃木Ｃ        仙台
  j2_2026_09261700_秋田_新潟        秋田        新潟
  j2_2026_09261700_山形_鳥栖        山形        鳥栖
 j2_2026_09261700_いわき_仙台       いわき        仙台
  j2_2026_09261700_大宮_甲府        大宮        甲府
j2_2026_09261700_富山_横浜FC        富山      横浜FC
  j2_2026_09261700_磐田_八戸        磐田        八戸
 j2_2026_09261700_徳島_栃木C        徳島       栃木Ｃ
  j2_2026_09261700_今治_湘南        今治        湘南
  j2_2026_09261700_大分_藤枝        大分        藤枝
[WEATHER_MATCH_FALLBACK] stage=weather_cache_finished matched=50 key=league+season+date+home+away (kickoff_hhmm ignored)
[MERGE_QC] weather_cache_finished left_before: rows=50 unique_keys=50 duplicate_keys=0 keys=['match_id']
[MERGE_QC] weather_cache_finished right: rows=396 unique_keys=396 duplicate_keys=0 keys=['match_id']
[MERGE_QC] weather_cache_finished indicator={'both': 50, 'left_only': 0, 'right_only': 0}
[MERGE_QC] weather_cache_finished: left_only=0
[MISSING_QC][INFO] after_weather_cache_future is_rain: missing_rate=0.00%
[MISSING_QC][INFO] after_weather_cache_future is_heavy_rain: missing_rate=0.00%
[MISSING_QC][INFO] after_weather_cache_future is_strong_wind: missing_rate=0.00%
[MISSING_QC][INFO] after_weather_cache_future weather_missing: missing_rate=0.00%
[MISSING_QC][INFO] after_weather_cache_finished is_rain: missing_rate=0.00%
[MISSING_QC][INFO] after_weather_cache_finished is_heavy_rain: missing_rate=0.00%
[MISSING_QC][INFO] after_weather_cache_finished is_strong_wind: missing_rate=0.00%
[MISSING_QC][INFO] after_weather_cache_finished weather_missing: missing_rate=0.00%
天候データを union ローダーで読み込みました。primary=/Users/dev_tomo/Desktop/tt_prj_restart/data/weather_snapshots/weather_features_j2_2026_asof_20260912.csv
[MERGE_QC] stats_future_home left_before: rows=330 unique_keys=20 duplicate_keys=310 keys=['_merge_home_team']
[MERGE_QC] stats_future_home right: rows=20 unique_keys=20 duplicate_keys=0 keys=['_merge_team_name']
[MERGE_QC] stats_future_home result: rows_before=330 rows_after=330 delta=0 validate=many_to_one indicator={'both': 330, 'left_only': 0, 'right_only': 0}
[MERGE_QC] stats_future_home: left_only=0
[MERGE_QC] stats_future_away left_before: rows=330 unique_keys=20 duplicate_keys=310 keys=['_merge_away_team']
[MERGE_QC] stats_future_away right: rows=20 unique_keys=20 duplicate_keys=0 keys=['_merge_team_name']
[MERGE_QC] stats_future_away result: rows_before=330 rows_after=330 delta=0 validate=many_to_one indicator={'both': 330, 'left_only': 0, 'right_only': 0}
[MERGE_QC] stats_future_away: left_only=0
[MERGE_QC] stats_finished_home left_before: rows=50 unique_keys=20 duplicate_keys=30 keys=['_merge_home_team']
[MERGE_QC] stats_finished_home right: rows=20 unique_keys=20 duplicate_keys=0 keys=['_merge_team_name']
[MERGE_QC] stats_finished_home result: rows_before=50 rows_after=50 delta=0 validate=many_to_one indicator={'both': 50, 'left_only': 0, 'right_only': 0}
[MERGE_QC] stats_finished_home: left_only=0
[MERGE_QC] stats_finished_away left_before: rows=50 unique_keys=20 duplicate_keys=30 keys=['_merge_away_team']
[MERGE_QC] stats_finished_away right: rows=20 unique_keys=20 duplicate_keys=0 keys=['_merge_team_name']
[MERGE_QC] stats_finished_away result: rows_before=50 rows_after=50 delta=0 validate=many_to_one indicator={'both': 50, 'left_only': 0, 'right_only': 0}
[MERGE_QC] stats_finished_away: left_only=0
[MISSING_QC][INFO] after_stats_future is_rain: missing_rate=0.00%
[MISSING_QC][INFO] after_stats_future is_heavy_rain: missing_rate=0.00%
[MISSING_QC][INFO] after_stats_future is_strong_wind: missing_rate=0.00%
[MISSING_QC][INFO] after_stats_future weather_missing: missing_rate=0.00%
[MISSING_QC][INFO] after_stats_future stats_ゴール期待値_home: missing_rate=0.00%
[MISSING_QC][INFO] after_stats_future stats_ゴール期待値_away: missing_rate=0.00%
[MISSING_QC][INFO] after_stats_finished is_rain: missing_rate=0.00%
[MISSING_QC][INFO] after_stats_finished is_heavy_rain: missing_rate=0.00%
[MISSING_QC][INFO] after_stats_finished is_strong_wind: missing_rate=0.00%
[MISSING_QC][INFO] after_stats_finished weather_missing: missing_rate=0.00%
[MISSING_QC][INFO] after_stats_finished stats_ゴール期待値_home: missing_rate=0.00%
[MISSING_QC][INFO] after_stats_finished stats_ゴール期待値_away: missing_rate=0.00%
[MERGE_QC][INFO] management_future: 対象リーグとのチーム一致なし (target_teams=20, external_teams=20); 対象外データとしてスキップ
[MERGE_QC][INFO] management_finished: 対象リーグとのチーム一致なし (target_teams=20, external_teams=20); 対象外データとしてスキップ
[MISSING_QC][INFO] after_management_future is_rain: missing_rate=0.00%
[MISSING_QC][INFO] after_management_future is_heavy_rain: missing_rate=0.00%
[MISSING_QC][INFO] after_management_future is_strong_wind: missing_rate=0.00%
[MISSING_QC][INFO] after_management_future weather_missing: missing_rate=0.00%
[MISSING_QC][INFO] after_management_future stats_ゴール期待値_home: missing_rate=0.00%
[MISSING_QC][INFO] after_management_future stats_ゴール期待値_away: missing_rate=0.00%
[MISSING_QC][INFO] after_management_finished is_rain: missing_rate=0.00%
[MISSING_QC][INFO] after_management_finished is_heavy_rain: missing_rate=0.00%
[MISSING_QC][INFO] after_management_finished is_strong_wind: missing_rate=0.00%
[MISSING_QC][INFO] after_management_finished weather_missing: missing_rate=0.00%
[MISSING_QC][INFO] after_management_finished stats_ゴール期待値_home: missing_rate=0.00%
[MISSING_QC][INFO] after_management_finished stats_ゴール期待値_away: missing_rate=0.00%
[MERGE_QC] rankmot_future_home left_before: rows=330 unique_keys=20 duplicate_keys=310 keys=['_merge_home_team']
[MERGE_QC] rankmot_future_home right: rows=20 unique_keys=20 duplicate_keys=0 keys=['_merge_team_name']
[MERGE_QC] rankmot_future_home result: rows_before=330 rows_after=330 delta=0 validate=many_to_one indicator={'both': 330, 'left_only': 0, 'right_only': 0}
[MERGE_QC] rankmot_future_home: left_only=0
[MERGE_QC] rankmot_future_away left_before: rows=330 unique_keys=20 duplicate_keys=310 keys=['_merge_away_team']
[MERGE_QC] rankmot_future_away right: rows=20 unique_keys=20 duplicate_keys=0 keys=['_merge_team_name']
[MERGE_QC] rankmot_future_away result: rows_before=330 rows_after=330 delta=0 validate=many_to_one indicator={'both': 330, 'left_only': 0, 'right_only': 0}
[MERGE_QC] rankmot_future_away: left_only=0
[MERGE_QC] rankmot_finished_home left_before: rows=50 unique_keys=20 duplicate_keys=30 keys=['_merge_home_team']
[MERGE_QC] rankmot_finished_home right: rows=20 unique_keys=20 duplicate_keys=0 keys=['_merge_team_name']
[MERGE_QC] rankmot_finished_home result: rows_before=50 rows_after=50 delta=0 validate=many_to_one indicator={'both': 50, 'left_only': 0, 'right_only': 0}
[MERGE_QC] rankmot_finished_home: left_only=0
[MERGE_QC] rankmot_finished_away left_before: rows=50 unique_keys=20 duplicate_keys=30 keys=['_merge_away_team']
[MERGE_QC] rankmot_finished_away right: rows=20 unique_keys=20 duplicate_keys=0 keys=['_merge_team_name']
[MERGE_QC] rankmot_finished_away result: rows_before=50 rows_after=50 delta=0 validate=many_to_one indicator={'both': 50, 'left_only': 0, 'right_only': 0}
[MERGE_QC] rankmot_finished_away: left_only=0
[MISSING_QC][INFO] after_rankmot_future is_rain: missing_rate=0.00%
[MISSING_QC][INFO] after_rankmot_future is_heavy_rain: missing_rate=0.00%
[MISSING_QC][INFO] after_rankmot_future is_strong_wind: missing_rate=0.00%
[MISSING_QC][INFO] after_rankmot_future weather_missing: missing_rate=0.00%
[MISSING_QC][INFO] after_rankmot_future stats_ゴール期待値_home: missing_rate=0.00%
[MISSING_QC][INFO] after_rankmot_future stats_ゴール期待値_away: missing_rate=0.00%
[MISSING_QC][INFO] after_rankmot_finished is_rain: missing_rate=0.00%
[MISSING_QC][INFO] after_rankmot_finished is_heavy_rain: missing_rate=0.00%
[MISSING_QC][INFO] after_rankmot_finished is_strong_wind: missing_rate=0.00%
[MISSING_QC][INFO] after_rankmot_finished weather_missing: missing_rate=0.00%
[MISSING_QC][INFO] after_rankmot_finished stats_ゴール期待値_home: missing_rate=0.00%
[MISSING_QC][INFO] after_rankmot_finished stats_ゴール期待値_away: missing_rate=0.00%
[ABSENCE] 取り込み完了: mode=date src_rows=95, expanded=453, team_match_rows=252
[MERGE_QC] absence_future_home left_before: rows=330 unique_keys=330 duplicate_keys=0 keys=['_season', '_merge_home_team', '_round_no', '_match_date']
[MERGE_QC] absence_future_home right: rows=252 unique_keys=252 duplicate_keys=0 keys=['season', '_merge_team_name', 'round_no', 'match_date']
[MERGE_QC] absence_future_home result: rows_before=330 rows_after=330 delta=0 validate=many_to_one indicator={'left_only': 231, 'both': 99, 'right_only': 0}
[MERGE_QC][WARN] absence_future_home: left_only=231
                match_id home_team away_team  _season _merge_home_team  _round_no _match_date  season _merge_team_name  round_no
  j2_2026_09121830_八戸_湘南        八戸        湘南     2026               八戸          6  2026-09-12     NaN              NaN       NaN
 j2_2026_09121830_富山_栃木C        富山       栃木Ｃ     2026               富山          6  2026-09-12     NaN              NaN       NaN
  j2_2026_09121900_大宮_大分        大宮        大分     2026               大宮          6  2026-09-12     NaN              NaN       NaN
  j2_2026_09121900_宮崎_藤枝        宮崎        藤枝     2026               宮崎          6  2026-09-12     NaN              NaN       NaN
  j2_2026_09131800_仙台_札幌        仙台        札幌     2026               仙台          6  2026-09-13     NaN              NaN       NaN
  j2_2026_09181300_八戸_宮崎        八戸        宮崎     2026               八戸          7  2026-09-18     NaN              NaN       NaN
  j2_2026_09191400_札幌_大分        札幌        大分     2026               札幌          7  2026-09-19     NaN              NaN       NaN
  j2_2026_09261700_大宮_甲府        大宮        甲府     2026               大宮          8  2026-09-26     NaN              NaN       NaN
j2_2026_09261700_富山_横浜FC        富山      横浜FC     2026               富山          8  2026-09-26     NaN              NaN       NaN
 j2_2026_09261700_徳島_栃木C        徳島       栃木Ｃ     2026               徳島          8  2026-09-26     NaN              NaN       NaN
[MERGE_QC] absence_future_home: left_only CSV保存 -> /Users/dev_tomo/Desktop/tt_prj_restart/data/reports/merge_qc/j2_2026/absence_future_home_left_only.csv
[MERGE_QC] absence_future_away left_before: rows=330 unique_keys=330 duplicate_keys=0 keys=['_season', '_merge_away_team', '_round_no', '_match_date']
[MERGE_QC] absence_future_away right: rows=252 unique_keys=252 duplicate_keys=0 keys=['season', '_merge_team_name', 'round_no', 'match_date']
[MERGE_QC] absence_future_away result: rows_before=330 rows_after=330 delta=0 validate=many_to_one indicator={'left_only': 229, 'both': 101, 'right_only': 0}
[MERGE_QC][WARN] absence_future_away: left_only=229
                match_id home_team away_team  _season _merge_away_team  _round_no _match_date  season _merge_team_name  round_no
  j2_2026_09121800_秋田_徳島        秋田        徳島     2026               徳島          6  2026-09-12     NaN              NaN       NaN
  j2_2026_09131800_仙台_札幌        仙台        札幌     2026               札幌          6  2026-09-13     NaN              NaN       NaN
  j2_2026_09181300_八戸_宮崎        八戸        宮崎     2026               宮崎          7  2026-09-18     NaN              NaN       NaN
  j2_2026_09191830_藤枝_大宮        藤枝        大宮     2026               大宮          7  2026-09-19     NaN              NaN       NaN
  j2_2026_09191900_山形_富山        山形        富山     2026               富山          7  2026-09-19     NaN              NaN       NaN
j2_2026_09191900_横浜FC_今治      横浜FC        今治     2026               今治          7  2026-09-19     NaN              NaN       NaN
  j2_2026_09191900_甲府_徳島        甲府        徳島     2026               徳島          7  2026-09-19     NaN              NaN       NaN
 j2_2026_09201700_栃木C_仙台       栃木Ｃ        仙台     2026               仙台          7  2026-09-20     NaN              NaN       NaN
 j2_2026_09261700_いわき_仙台       いわき        仙台     2026               仙台          8  2026-09-26     NaN              NaN       NaN
  j2_2026_09261700_磐田_八戸        磐田        八戸     2026               八戸          8  2026-09-26     NaN              NaN       NaN
[MERGE_QC] absence_future_away: left_only CSV保存 -> /Users/dev_tomo/Desktop/tt_prj_restart/data/reports/merge_qc/j2_2026/absence_future_away_left_only.csv
[MERGE_QC] absence_finished_home left_before: rows=50 unique_keys=50 duplicate_keys=0 keys=['_season', '_merge_home_team', '_round_no', '_match_date']
[MERGE_QC] absence_finished_home right: rows=252 unique_keys=252 duplicate_keys=0 keys=['season', '_merge_team_name', 'round_no', 'match_date']
[MERGE_QC] absence_finished_home result: rows_before=50 rows_after=50 delta=0 validate=many_to_one indicator={'both': 27, 'left_only': 23, 'right_only': 0}
[MERGE_QC][WARN] absence_finished_home: left_only=23
               match_id home_team away_team  _season _merge_home_team  _round_no _match_date  season _merge_team_name  round_no
 j2_2026_08081450_札幌_徳島        札幌        徳島     2026               札幌          1  2026-08-08     NaN              NaN       NaN
 j2_2026_08291903_徳島_大分        徳島        大分     2026               徳島          4  2026-08-29     NaN              NaN       NaN
 j2_2026_08291833_八戸_秋田        八戸        秋田     2026               八戸          4  2026-08-29     NaN              NaN       NaN
 j2_2026_08291833_富山_藤枝        富山        藤枝     2026               富山          4  2026-08-29     NaN              NaN       NaN
 j2_2026_08291903_仙台_宮崎        仙台        宮崎     2026               仙台          4  2026-08-29     NaN              NaN       NaN
 j2_2026_08291903_今治_山形        今治        山形     2026               今治          4  2026-08-29     NaN              NaN       NaN
 j2_2026_08291904_大宮_湘南        大宮        湘南     2026               大宮          4  2026-08-29     NaN              NaN       NaN
j2_2026_09051903_徳島_いわき        徳島       いわき     2026               徳島          5  2026-09-05     NaN              NaN       NaN
 j2_2026_08081833_八戸_富山        八戸        富山     2026               八戸          1  2026-08-08     NaN              NaN       NaN
j2_2026_09061303_札幌_栃木C        札幌       栃木Ｃ     2026               札幌          5  2026-09-06     NaN              NaN       NaN
[MERGE_QC] absence_finished_home: left_only CSV保存 -> /Users/dev_tomo/Desktop/tt_prj_restart/data/reports/merge_qc/j2_2026/absence_finished_home_left_only.csv
[MERGE_QC] absence_finished_away left_before: rows=50 unique_keys=50 duplicate_keys=0 keys=['_season', '_merge_away_team', '_round_no', '_match_date']
[MERGE_QC] absence_finished_away right: rows=252 unique_keys=252 duplicate_keys=0 keys=['season', '_merge_team_name', 'round_no', 'match_date']
[MERGE_QC] absence_finished_away result: rows_before=50 rows_after=50 delta=0 validate=many_to_one indicator={'left_only': 25, 'both': 25, 'right_only': 0}
[MERGE_QC][WARN] absence_finished_away: left_only=25
              match_id home_team away_team  _season _merge_away_team  _round_no _match_date  season _merge_team_name  round_no
j2_2026_08081450_札幌_徳島        札幌        徳島     2026               徳島          1  2026-08-08     NaN              NaN       NaN
j2_2026_08291903_甲府_札幌        甲府        札幌     2026               札幌          4  2026-08-29     NaN              NaN       NaN
j2_2026_08291903_仙台_宮崎        仙台        宮崎     2026               宮崎          4  2026-08-29     NaN              NaN       NaN
j2_2026_08291904_大宮_湘南        大宮        湘南     2026               湘南          4  2026-08-29     NaN              NaN       NaN
j2_2026_09051833_藤枝_八戸        藤枝        八戸     2026               八戸          5  2026-09-05     NaN              NaN       NaN
j2_2026_09051903_鳥栖_宮崎        鳥栖        宮崎     2026               宮崎          5  2026-09-05     NaN              NaN       NaN
j2_2026_09051903_湘南_仙台        湘南        仙台     2026               仙台          5  2026-09-05     NaN              NaN       NaN
j2_2026_09061803_秋田_大宮        秋田        大宮     2026               大宮          5  2026-09-06     NaN              NaN       NaN
j2_2026_09061903_磐田_富山        磐田        富山     2026               富山          5  2026-09-06     NaN              NaN       NaN
j2_2026_08081833_八戸_富山        八戸        富山     2026               富山          1  2026-08-08     NaN              NaN       NaN
[MERGE_QC] absence_finished_away: left_only CSV保存 -> /Users/dev_tomo/Desktop/tt_prj_restart/data/reports/merge_qc/j2_2026/absence_finished_away_left_only.csv
[MISSING_QC][INFO] after_absence_future is_rain: missing_rate=0.00%
[MISSING_QC][INFO] after_absence_future is_heavy_rain: missing_rate=0.00%
[MISSING_QC][INFO] after_absence_future is_strong_wind: missing_rate=0.00%
[MISSING_QC][INFO] after_absence_future weather_missing: missing_rate=0.00%
[MISSING_QC][INFO] after_absence_future stats_ゴール期待値_home: missing_rate=0.00%
[MISSING_QC][INFO] after_absence_future stats_ゴール期待値_away: missing_rate=0.00%
[MISSING_QC][INFO] after_absence_finished is_rain: missing_rate=0.00%
[MISSING_QC][INFO] after_absence_finished is_heavy_rain: missing_rate=0.00%
[MISSING_QC][INFO] after_absence_finished is_strong_wind: missing_rate=0.00%
[MISSING_QC][INFO] after_absence_finished weather_missing: missing_rate=0.00%
[MISSING_QC][INFO] after_absence_finished stats_ゴール期待値_home: missing_rate=0.00%
[MISSING_QC][INFO] after_absence_finished stats_ゴール期待値_away: missing_rate=0.00%
[DERBY] loaded=14 path=/Users/dev_tomo/Desktop/tt_prj_restart/data/manual/ダービー一覧.csv
移動距離データを /Users/dev_tomo/Desktop/tt_prj_restart/data/team_travel_distances.csv から読み込みました。
前年最終ELOを読み込みました: /Users/dev_tomo/Desktop/tt_prj_restart/data/j2_2025_final_elo.csv (20チーム)
J2許可チームを /Users/dev_tomo/Desktop/tt_prj_restart/data/manual/j2_allowed_teams_2026.csv から読み込みました: 20
[DERBY] scope=PRED matched=2/330
[DRAW_ASSIGN] disabled (DRAW_TWEAK_MODE=off, DRAW_ASSIGN_BY_EXPECTATION=0)
[CONSISTENCY:PRED] raw_vs_final_diff_rows=0
[FOOTBALL_LAB] league=j2 files=24 rows=453
[FOOTBALL_LAB] scope=PRED league=j2 merged_cols=217 available_rows=329/330
[LAB_PROB_BLEND] stage=PRED enabled=1 available=330/330 alpha_mean=0.194 draw_dampen=75
[CONF_BLEND] stage=MAIN w_base_mean=0.753 w_lab_mean=0.181 w_main_mean=0.066
[FINAL_ELO_SIGN_FIX] stage=PRED_POST_BLEND total=10 pos=6 neg=4
[MATCH_TYPE_MAIN_APPLY] stage=PRED_FINAL changed=125
[CONNECTED_OVERRIDES] stage=PRED_FINAL changed=0
[DRAW_TWEAK_AUDIT:PRED] mode=off rows=330 base(H/D/A)=0.338774/0.335986/0.325240 final(H/D/A)=0.338774/0.335986/0.325240 delta(H/D/A)=+0.000000000000/+0.000000000000/+0.000000000000 residue_detected=0 decision_reason_ARGMAX=0/330
[DRAW_TWEAK_AUDIT:PRED:league=j2] mode=off rows=330 base(H/D/A)=0.338774/0.335986/0.325240 final(H/D/A)=0.338774/0.335986/0.325240 delta(H/D/A)=+0.000000000000/+0.000000000000/+0.000000000000 residue_detected=0
[DECISION_RULE] ARGMAX (DRAW_TWEAK_MODE=off; probability tweaks disabled)
[PRED_DIST_FINAL:PRED] rows=330 H=27.9% (92) D=48.5% (160) A=23.6% (78) col=final_result
[PRED_DIST_ARGMAX:PRED] rows=330 H=47.3% (156) D=12.4% (41) A=40.3% (133)
[PROB_MEAN:PRED] rows=330 cols=('prob_home_win', 'prob_draw', 'prob_away_win') home=0.3259 draw=0.3600 away=0.3141
[PH_PA_STATS:PRED] rows=330 min=-0.265013 p10=-0.147718 median=0.015847 p90=0.173370 max=0.287023 mean=0.011802
[FORCE_DRAW_COUNT:PRED] rows=330 force_draw=0
[PRED_DIST_FINAL:PRED:league=j2] rows=330 H=27.9% (92) D=48.5% (160) A=23.6% (78)
[PRED_DIST_ARGMAX:PRED:league=j2] rows=330 H=47.3% (156) D=12.4% (41) A=40.3% (133)
[PROB_MEAN:PRED:league=j2] rows=330 home=0.3259 draw=0.3600 away=0.3141
[FORCE_DRAW_COUNT:PRED:league=j2] rows=330 force_draw=0
[PRED_DIST:PRED] scope=all rows=330 H=27.9% (92) D=48.5% (160) A=23.6% (78)
[PRED_DIST_EXPECT:PRED] scope=all rows=330 H=27.9% (92) D=48.5% (160) A=23.6% (78)
[PRED_DIST_DIFF_ARGMAX_EXPECT:PRED] scope=all H=-19.4pp D=+36.1pp A=-16.7pp
[WARN] フィルタ未指定のため全件集計
[PRED_DIST:PRED] scope=round:ALL rows=330 H=27.9% (92) D=48.5% (160) A=23.6% (78)
[PRED_DIST_EXPECT:PRED] scope=round:ALL rows=330 H=27.9% (92) D=48.5% (160) A=23.6% (78)
[PRED_DIST_DIFF_ARGMAX_EXPECT:PRED] scope=round:ALL H=-19.4pp D=+36.1pp A=-16.7pp
[PRED_CHECK:PRED] raw_argmax_vs_cal_argmax_match_rate=62.1% pred_vs_highest_match_rate=62.1%
[PRED_CHECK:PRED] pred_vs_postfusion_main_argmax_match_rate=100.0% mismatch_count=0
[PRED_CHECK:PRED] draw_delta(mean/max/plus_count)=0.023980/0.073663/283
[PRED_CHECK:PRED] predicted_result_ratio(H/D/A)=27.9%/48.5%/23.6%
[PRED_CHECK:PRED] predicted_result_source_counts={'main_rule': 330}
[PRED_CHECK:PRED] highest_vs_raw_argmax_mismatch=0
[PRED_CHECK:PRED] predicted_vs_cal_argmax_mismatch=0
[PRED_CHECK:PRED] predicted_vs_postfusion_main_argmax_mismatch=0
[PRED_SUMMARY] rows=330 avg_prob_draw=0.360 sum_prob_draw=118.789 predicted_D_count=160 ELO_DIFF_SCALE=1.15 legacy_draw_adjustment=disabled
[ELO_SIGN_CHECK:PRED_RAW] diff_col=diff_raw_no_hfa prob_cols=(prob_home_win_before_signfix,prob_away_win_before_signfix) neg_diff_cases=164 violated=17 rate=10.37% pos_diff_cases=166 violated=0 rate=0.00%
[NEG_DIFF_STATS] label=PRED_RAW metric=diff_raw_no_hfa min=-121.3465 p10=-85.1879 median=-39.4147 p90=-5.0150 max=-0.7778 mean=-42.1375
[NEG_DIFF_STATS] label=PRED_RAW metric=prob_home_minus_away min=-0.302540 p10=-0.212325 median=-0.092221 p90=0.000326 max=0.011771 mean=-0.098720
[ELO_SIGN_VIOLATIONS:PRED_RAW] matched=17 saved=/Users/dev_tomo/Desktop/tt_prj_restart/data/reports/merge_qc/j2_2026/elo_sign_violations_pred_raw_top50.csv
[ELO_SIGN_CHECK:PRED_POST] diff_col=diff_raw_no_hfa prob_cols=(prob_home_win_raw,prob_away_win_raw) neg_diff_cases=164 violated=13 rate=7.93% pos_diff_cases=166 violated=0 rate=0.00%
[NEG_DIFF_STATS] label=PRED_POST metric=diff_raw_no_hfa min=-121.3465 p10=-85.1879 median=-39.4147 p90=-5.0150 max=-0.7778 mean=-42.1375
[NEG_DIFF_STATS] label=PRED_POST metric=prob_home_minus_away min=-0.302540 p10=-0.212325 median=-0.092221 p90=-0.001129 max=0.011771 mean=-0.098789
[PROB_DRAW_DIST:PRED] rows=330 min=0.304 p05=0.327 p25=0.345 p50=0.361 p75=0.377 p95=0.386 max=0.414
[DRAW_ARGMAX:PRED] rows=330 prob_draw_argmax_count=160 prob_draw_ge_0.23_count=330
[ACTUAL_HDA:PRED] unavailable
[ABSENCE_EFFECTIVE][PRED] rows=330 missing_home_count=231 missing_away_count=229 missing_any_row_count=289 effective_total_home_avg=0.0497 effective_total_home_max=0.2500 effective_total_away_avg=0.0488 effective_total_away_max=0.2500 cap_applied_home_count=0 cap_applied_away_count=0 baseline_total=0.0500 cap_total=0.2500
[WARN] フィルタ未指定のため全件集計
[ROUND_SUMMARY] filter=ALL rows=330
[PRED_RATIO] H=27.9% (92) D=48.5% (160) A=23.6% (78)
[ACTUAL_RATIO] unavailable (scores not found or not finished)
[ROUND_SUMMARY_CSV] saved=/Users/dev_tomo/Desktop/tt_prj_restart/data/reports/merge_qc/j2_2026/round_summary_ALL.csv
[MISSING_QC][INFO] final_predictions_df is_rain: missing_rate=0.00%
[MISSING_QC][INFO] final_predictions_df is_heavy_rain: missing_rate=0.00%
[MISSING_QC][INFO] final_predictions_df is_strong_wind: missing_rate=0.00%
[MISSING_QC][INFO] final_predictions_df weather_missing: missing_rate=0.00%
[MISSING_QC][INFO] final_predictions_df stats_ゴール期待値_home: missing_rate=0.00%
[MISSING_QC][INFO] final_predictions_df stats_ゴール期待値_away: missing_rate=0.00%
[MISSING_QC][INFO] final_predictions_df stats_home_missing: missing_rate=0.00%
[MISSING_QC][INFO] final_predictions_df stats_away_missing: missing_rate=0.00%
[MISSING_QC][INFO] final_predictions_df management_missing: missing_rate=0.00%
[MISSING_QC][INFO] final_predictions_df data_quality_warn: missing_rate=0.00%
[SNAPSHOT] predictions candidate saved: /Users/dev_tomo/Desktop/tt_prj_restart/data/output_snapshots/j2_2026/20260912_104056_predictions_candidate_j2_2026_predictions_hfa_on.csv
予測結果を /Users/dev_tomo/Desktop/tt_prj_restart/j2_2026_predictions_hfa_on.csv に出力しました。
[BUYPLAN_CONTEXT] saved=/Users/dev_tomo/Desktop/tt_prj_restart/predictions_buyplan_context.csv
[LEGACY_ALIAS] 互換出力を更新しました: /Users/dev_tomo/Desktop/tt_prj_restart/j2_2026_predictions.csv
[SNAPSHOT] predictions_legacy saved: /Users/dev_tomo/Desktop/tt_prj_restart/data/output_snapshots/j2_2026/20260912_104056_predictions_legacy_j2_2026_predictions.csv
[DERBY] scope=BACKTEST matched=0/50
[BACKTEST_RULE] compare skipped (DRAW_TWEAK_MODE=off)
[CONSISTENCY:BACKTEST] raw_vs_final_diff_rows=0
[DRAW_TWEAK_AUDIT:BACKTEST] mode=off rows=50 base(H/D/A)=0.335239/0.335834/0.328927 final(H/D/A)=0.335239/0.335834/0.328927 delta(H/D/A)=+0.000000000000/+0.000000000000/+0.000000000000 residue_detected=0 decision_reason_ARGMAX=50/50
[DRAW_TWEAK_AUDIT:BACKTEST:league=j2] mode=off rows=50 base(H/D/A)=0.335239/0.335834/0.328927 final(H/D/A)=0.335239/0.335834/0.328927 delta(H/D/A)=+0.000000000000/+0.000000000000/+0.000000000000 residue_detected=0
[PRED_DIST_FINAL:BACKTEST] rows=50 H=42.0% (21) D=12.0% (6) A=46.0% (23) col=final_result
[PRED_DIST_ARGMAX:BACKTEST] rows=50 H=42.0% (21) D=12.0% (6) A=46.0% (23)
[PROB_MEAN:BACKTEST] rows=50 cols=('prob_home_win', 'prob_draw', 'prob_away_win') home=0.3352 draw=0.3358 away=0.3289
[PH_PA_STATS:BACKTEST] rows=50 min=-0.265247 p10=-0.145112 median=-0.008704 p90=0.186693 max=0.298950 mean=0.006313
[FORCE_DRAW_COUNT:BACKTEST] rows=50 force_draw=0
[PRED_DIST_FINAL:BACKTEST:league=j2] rows=50 H=42.0% (21) D=12.0% (6) A=46.0% (23)
[PRED_DIST_ARGMAX:BACKTEST:league=j2] rows=50 H=42.0% (21) D=12.0% (6) A=46.0% (23)
[PROB_MEAN:BACKTEST:league=j2] rows=50 home=0.3352 draw=0.3358 away=0.3289
[FORCE_DRAW_COUNT:BACKTEST:league=j2] rows=50 force_draw=0
[PRED_DIST:BACKTEST] scope=all rows=50 H=42.0% (21) D=12.0% (6) A=46.0% (23)
[PRED_DIST_EXPECT:BACKTEST] scope=all rows=50 H=42.0% (21) D=12.0% (6) A=46.0% (23)
[PRED_DIST_DIFF_ARGMAX_EXPECT:BACKTEST] scope=all H=+0.0pp D=+0.0pp A=+0.0pp
[PRED_CHECK:BACKTEST] raw_argmax_vs_cal_argmax_match_rate=100.0% pred_vs_highest_match_rate=100.0%
[PRED_CHECK:BACKTEST] draw_delta(mean/max/plus_count)=0.000000/0.000000/0
[PRED_CHECK:BACKTEST] predicted_result_ratio(H/D/A)=42.0%/12.0%/46.0%
[PRED_CHECK:BACKTEST] highest_vs_raw_argmax_mismatch=0
[PRED_CHECK:BACKTEST] predicted_vs_cal_argmax_mismatch=0
[BACKTEST_SUMMARY] rows=50 avg_prob_draw=0.336 sum_prob_draw=16.792 predicted_D_count=6 ELO_DIFF_SCALE=1.15 actual_D_rate=0.200 draw_diff_pp=13.58 legacy_draw_adjustment=disabled
[ELO_SIGN_CHECK:BACKTEST_RAW] diff_col=diff_raw_no_hfa prob_cols=(prob_home_win_before_signfix,prob_away_win_before_signfix) neg_diff_cases=28 violated=2 rate=7.14% pos_diff_cases=21 violated=0 rate=0.00%
[NEG_DIFF_STATS] label=BACKTEST_RAW metric=diff_raw_no_hfa min=-106.1650 p10=-92.0880 median=-34.0834 p90=-8.9303 max=-1.3877 mean=-40.4530
[NEG_DIFF_STATS] label=BACKTEST_RAW metric=prob_home_minus_away min=-0.265247 p10=-0.229873 median=-0.077963 p90=-0.010231 max=0.010115 mean=-0.094217
[ELO_SIGN_VIOLATIONS:BACKTEST_RAW] matched=2 saved=/Users/dev_tomo/Desktop/tt_prj_restart/data/reports/merge_qc/j2_2026/elo_sign_violations_backtest_raw_top50.csv
[ELO_SIGN_CHECK:BACKTEST_POST] diff_col=diff_raw_no_hfa prob_cols=(prob_home_win_raw,prob_away_win_raw) neg_diff_cases=28 violated=1 rate=3.57% pos_diff_cases=21 violated=0 rate=0.00%
[NEG_DIFF_STATS] label=BACKTEST_POST metric=diff_raw_no_hfa min=-106.1650 p10=-92.0880 median=-34.0834 p90=-8.9303 max=-1.3877 mean=-40.4530
[NEG_DIFF_STATS] label=BACKTEST_POST metric=prob_home_minus_away min=-0.265247 p10=-0.229873 median=-0.077963 p90=-0.010231 max=0.010115 mean=-0.094242
[FEATURE_DIST:BACKTEST] col=diff_raw_no_hfa rows=50 missing=0 unique=50 min=-106.165 p05=-93.457 p25=-35.885 p50=-8.367 p75=33.159 p95=91.892 max=109.586
[FEATURE_DIST_STD:BACKTEST] col=diff_raw_no_hfa rows=50 min=-106.165 p05=-93.457 p25=-35.885 p50=-8.367 p75=33.159 p95=91.892 max=109.586
[PROB_DRAW_DIST:BACKTEST] rows=50 min=0.317 p05=0.322 p25=0.336 p50=0.338 p75=0.340 p95=0.341 max=0.341
[PROB_DIST:BACKTEST] col=prob_home rows=50 min=0.206 p05=0.220 p25=0.289 p50=0.325 p75=0.382 p95=0.466 max=0.491
[PROB_DIST:BACKTEST] col=prob_draw rows=50 min=0.317 p05=0.322 p25=0.336 p50=0.338 p75=0.340 p95=0.341 max=0.341
[PROB_DIST:BACKTEST] col=prob_away rows=50 min=0.192 p05=0.211 p25=0.280 p50=0.334 p75=0.372 p95=0.453 max=0.471
[MAX_PROB_DIST:BACKTEST] rows=50 min=0.341 p05=0.341 p25=0.355 p50=0.381 p75=0.402 p95=0.472 max=0.491
[DRAW_ARGMAX:BACKTEST] rows=50 prob_draw_argmax_count=6 prob_draw_ge_0.23_count=50
[ACTUAL_HDA:BACKTEST] rows=50 H=50.0% (25) D=20.0% (10) A=30.0% (15)
[ABSENCE_EFFECTIVE][BACKTEST] rows=50 missing_home_count=23 missing_away_count=25 missing_any_row_count=37 effective_total_home_avg=0.0515 effective_total_home_max=0.2500 effective_total_away_avg=0.0588 effective_total_away_max=0.2500 cap_applied_home_count=0 cap_applied_away_count=0 baseline_total=0.0500 cap_total=0.2500
[DRAW_DIAG] summary=/Users/dev_tomo/Desktop/tt_prj_restart/data/reports/metrics/draw_diagnostics_j2_2026.csv detail=/Users/dev_tomo/Desktop/tt_prj_restart/data/reports/metrics/draw_candidates_j2_2026.csv
[DRAW_SCAN] saved=/Users/dev_tomo/Desktop/tt_prj_restart/data/reports/metrics/draw_threshold_scan_j2_2026.csv
[FOOTBALL_LAB] scope=BACKTEST league=j2 merged_cols=217 available_rows=0/50
[LAB_PROB_BLEND] stage=PRED enabled=1 available=50/50 alpha_mean=0.199 draw_dampen=22
[CONF_BLEND] stage=MAIN w_base_mean=0.752 w_lab_mean=0.187 w_main_mean=0.060
[FINAL_ELO_SIGN_FIX] stage=BACKTEST_POST_BLEND total=3 pos=1 neg=2
[MATCH_TYPE_MAIN_APPLY] stage=BACKTEST_FINAL changed=29
[CONNECTED_OVERRIDES] stage=BACKTEST_FINAL changed=0
[CALIBRATION] league=j2 T_train=1.000 T_final=1.000 deploy_T=1.000 validation_ok=1 val_logloss=None->None val_brier=None->None val_ece=None->None
[CALIBRATION][WARN] league=j2 validation_rows=0 is small; temperature may be unstable
[CALIBRATION] report=/Users/dev_tomo/Desktop/tt_prj_restart/data/reports/metrics/calibration/calibration_report_j2_2026.json
[CALIBRATION] thresholds=/Users/dev_tomo/Desktop/tt_prj_restart/data/reports/metrics/calibration/thresholds_j2_2026.json
[CALIBRATION] threshold_scan=/Users/dev_tomo/Desktop/tt_prj_restart/data/reports/metrics/calibration/threshold_scan_j2_2026.csv
[MATCH_TYPE_DIAG] summary=/Users/dev_tomo/Desktop/tt_prj_restart/data/reports/metrics/match_type_summary_j2_2026.csv basis=/Users/dev_tomo/Desktop/tt_prj_restart/data/reports/metrics/match_type_basis_summary_j2_2026.csv detail=/Users/dev_tomo/Desktop/tt_prj_restart/data/reports/metrics/match_type_detail_j2_2026.csv
[ARGMAX_DIAG] league=J2 season=2026 matches=50 hit_rate=0.2600 top_miss=D→H(17)
[ARGMAX_DIAG_SAVE] detail=/Users/dev_tomo/Desktop/tt_prj_restart/data/reports/metrics/j2_2026_argmax_diagnostics.csv confusion=/Users/dev_tomo/Desktop/tt_prj_restart/data/reports/metrics/j2_2026_argmax_confusion.csv miss=/Users/dev_tomo/Desktop/tt_prj_restart/data/reports/metrics/j2_2026_argmax_miss_breakdown.csv band=/Users/dev_tomo/Desktop/tt_prj_restart/data/reports/metrics/j2_2026_argmax_by_maxprob_band.csv round=/Users/dev_tomo/Desktop/tt_prj_restart/data/reports/metrics/j2_2026_argmax_by_round.csv
[MISSING_QC][INFO] final_backtest_df is_rain: missing_rate=0.00%
[MISSING_QC][INFO] final_backtest_df is_heavy_rain: missing_rate=0.00%
[MISSING_QC][INFO] final_backtest_df is_strong_wind: missing_rate=0.00%
[MISSING_QC][INFO] final_backtest_df weather_missing: missing_rate=0.00%
[MISSING_QC][INFO] final_backtest_df stats_ゴール期待値_home: missing_rate=0.00%
[MISSING_QC][INFO] final_backtest_df stats_ゴール期待値_away: missing_rate=0.00%
[MISSING_QC][INFO] final_backtest_df stats_home_missing: missing_rate=0.00%
[MISSING_QC][INFO] final_backtest_df stats_away_missing: missing_rate=0.00%
[MISSING_QC][INFO] final_backtest_df management_missing: missing_rate=0.00%
[MISSING_QC][INFO] final_backtest_df data_quality_warn: missing_rate=0.00%
[SNAPSHOT] backtest candidate saved: /Users/dev_tomo/Desktop/tt_prj_restart/data/output_snapshots/j2_2026/20260912_104056_backtest_candidate_backtest_j2_2026.csv
[WRITE_GUARD][BLOCK] backtest_primary: keep old file. rows_old=97 rows_new=50 quality_old=0.9915 quality_new=1.0000 row_ratio_min=0.85 max_quality_drop=0.0300
[WRITE_GUARD] バックテスト本体の上書きをスキップしました: /Users/dev_tomo/Desktop/tt_prj_restart/backtest_j2_2026.csv
[CALIBRATION] 予測結果を calibration 列付きで再出力しました: /Users/dev_tomo/Desktop/tt_prj_restart/j2_2026_predictions_hfa_on.csv
[CALIBRATION][LEGACY_ALIAS] 互換出力を更新しました: /Users/dev_tomo/Desktop/tt_prj_restart/j2_2026_predictions.csv
[HFA_APPLY_COUNT] applied=380 skipped=0 reason_counts={"applied": 380}
[ELO_SIGN_FIX_COUNT] total=5 neg_to_away=5 pos_to_home=0 enabled=1
[RUN_META] saved=/Users/dev_tomo/Desktop/tt_prj_restart/j2_2026_predictions_hfa_on.csv.meta.json
Elo確率デバッグCSVを出力しました: /Users/dev_tomo/Desktop/tt_prj_restart/data/reports/elo_prob_debug_j2_2026.csv
2025年シーズン現時点までの累計的中率: 26.00% (13/50)
解析内訳レポートを出力しました: /Users/dev_tomo/Desktop/tt_prj_restart/data/reports/report_j2_2026.json
